AR000LHX96F5WP1:Desktop gkalniker$ cd archivos/
AR000LHX96F5WP1:archivos gkalniker$ git init
Initialized empty Git repository in /Users/gkalniker/Desktop/archivos/.git/
AR000LHX96F5WP1:archivos gkalniker$ git config user.name "guille-kalniker"
AR000LHX96F5WP1:archivos gkalniker$ git config user.email "guillermo.kalniker@mercadolibre.com"
AR000LHX96F5WP1:archivos gkalniker$ touch lorem.txt
AR000LHX96F5WP1:archivos gkalniker$ nano lorem.txt 
AR000LHX96F5WP1:archivos gkalniker$ nano lorem.txt 
AR000LHX96F5WP1:archivos gkalniker$ git status
On branch main

No commits yet

Untracked files:
  (use "git add <file>..." to include in what will be committed)
	lorem.txt
	prueba1.txt

nothing added to commit but untracked files present (use "git add" to track)
AR000LHX96F5WP1:archivos gkalniker$ rm prueba1.txt 
AR000LHX96F5WP1:archivos gkalniker$ ls
lorem.txt
AR000LHX96F5WP1:archivos gkalniker$ git status
On branch main

No commits yet

Untracked files:
  (use "git add <file>..." to include in what will be committed)
	lorem.txt

nothing added to commit but untracked files present (use "git add" to track)
AR000LHX96F5WP1:archivos gkalniker$ git add .
AR000LHX96F5WP1:archivos gkalniker$ git commit -m "subo archivo lorem con texto random"
[main (root-commit) 200afdf] subo archivo lorem con texto random
 1 file changed, 1 insertion(+)
 create mode 100644 lorem.txt
AR000LHX96F5WP1:archivos gkalniker$ git remote add origin https://github.com/guille-kalniker/test-repo.git
AR000LHX96F5WP1:archivos gkalniker$ git status
On branch main
nothing to commit, working tree clean
AR000LHX96F5WP1:archivos gkalniker$ git push origin main
Username for 'https://github.com': guille-kalniker
Password for 'https://guille-kalniker@github.com': 
remote: Support for password authentication was removed on August 13, 2021.
remote: Please see https://docs.github.com/get-started/getting-started-with-git/about-remote-repositories#cloning-with-https-urls for information on currently recommended modes of authentication.
fatal: Authentication failed for 'https://github.com/guille-kalniker/test-repo.git/'
AR000LHX96F5WP1:archivos gkalniker$ git remote add origin git@github.com:guille-kalniker/test-repo.git
error: remote origin already exists.
AR000LHX96F5WP1:archivos gkalniker$ git remote rm origin
AR000LHX96F5WP1:archivos gkalniker$ git remote add origin git@github.com:guille-kalniker/test-repo.git
AR000LHX96F5WP1:archivos gkalniker$ git push origin main
To github.com:guille-kalniker/test-repo.git
 ! [rejected]        main -> main (fetch first)
error: failed to push some refs to 'github.com:guille-kalniker/test-repo.git'
hint: Updates were rejected because the remote contains work that you do
hint: not have locally. This is usually caused by another repository pushing
hint: to the same ref. You may want to first integrate the remote changes
hint: (e.g., 'git pull ...') before pushing again.
hint: See the 'Note about fast-forwards' in 'git push --help' for details.
AR000LHX96F5WP1:archivos gkalniker$ git pull
remote: Enumerating objects: 3, done.
remote: Counting objects: 100% (3/3), done.
remote: Total 3 (delta 0), reused 0 (delta 0), pack-reused 0 (from 0)
Unpacking objects: 100% (3/3), 880 bytes | 146.00 KiB/s, done.
From github.com:guille-kalniker/test-repo
 * [new branch]      main       -> origin/main
There is no tracking information for the current branch.
Please specify which branch you want to merge with.
See git-pull(1) for details.

    git pull <remote> <branch>

If you wish to set tracking information for this branch you can do so with:

    git branch --set-upstream-to=origin/<branch> main

AR000LHX96F5WP1:archivos gkalniker$ git pull origin main
From github.com:guille-kalniker/test-repo
 * branch            main       -> FETCH_HEAD
hint: You have divergent branches and need to specify how to reconcile them.
hint: You can do so by running one of the following commands sometime before
hint: your next pull:
hint: 
hint:   git config pull.rebase false  # merge
hint:   git config pull.rebase true   # rebase
hint:   git config pull.ff only       # fast-forward only
hint: 
hint: You can replace "git config" with "git config --global" to set a default
hint: preference for all repositories. You can also pass --rebase, --no-rebase,
hint: or --ff-only on the command line to override the configured default per
hint: invocation.
fatal: Need to specify how to reconcile divergent branches.
AR000LHX96F5WP1:archivos gkalniker$ git config pull.rebase
AR000LHX96F5WP1:archivos gkalniker$ git pull
There is no tracking information for the current branch.
Please specify which branch you want to merge with.
See git-pull(1) for details.

    git pull <remote> <branch>

If you wish to set tracking information for this branch you can do so with:

    git branch --set-upstream-to=origin/<branch> main

AR000LHX96F5WP1:archivos gkalniker$ git pull origin main
From github.com:guille-kalniker/test-repo
 * branch            main       -> FETCH_HEAD
hint: You have divergent branches and need to specify how to reconcile them.
hint: You can do so by running one of the following commands sometime before
hint: your next pull:
hint: 
hint:   git config pull.rebase false  # merge
hint:   git config pull.rebase true   # rebase
hint:   git config pull.ff only       # fast-forward only
hint: 
hint: You can replace "git config" with "git config --global" to set a default
hint: preference for all repositories. You can also pass --rebase, --no-rebase,
hint: or --ff-only on the command line to override the configured default per
hint: invocation.
fatal: Need to specify how to reconcile divergent branches.
AR000LHX96F5WP1:archivos gkalniker$ git config pull.rebase true
AR000LHX96F5WP1:archivos gkalniker$ git pull origin main
From github.com:guille-kalniker/test-repo
 * branch            main       -> FETCH_HEAD
Successfully rebased and updated refs/heads/main.
AR000LHX96F5WP1:archivos gkalniker$ ls
README.md	lorem.txt
AR000LHX96F5WP1:archivos gkalniker$ git push origin main
Enumerating objects: 4, done.
Counting objects: 100% (4/4), done.
Delta compression using up to 8 threads
Compressing objects: 100% (2/2), done.
Writing objects: 100% (3/3), 322 bytes | 322.00 KiB/s, done.
Total 3 (delta 0), reused 0 (delta 0), pack-reused 0
To github.com:guille-kalniker/test-repo.git
   3aaff39..d0f4717  main -> main
AR000LHX96F5WP1:archivos gkalniker$ 